// Jest Snapshot v1, https://goo.gl/fbAQLP

exports[`CharacterItem component renders single character 1`] = `
<DocumentFragment>
  <figure>
    <img
      alt="Michelle"
      src="url@url.com"
    />
    <figcaption>
      Michelle
    </figcaption>
  </figure>
</DocumentFragment>
`;
