// Jest Snapshot v1, https://goo.gl/fbAQLP

exports[`Header component renders Header 1`] = `
<DocumentFragment>
  <h1>
    Rick and Morty Characters Galore!
  </h1>
</DocumentFragment>
`;
